======================================================================
REAL-ENVIRONMENT PLANNER EVAL (AUTHORS_CEM)  --  ..
======================================================================
MODEL: the AUTHORS' released checkpoint (calibration run)
  authors' checkpoint: 18.03 M params, history_size 3, actions -> repeat into 10, pixels imagenet
  driving spec: ../authors_driving_spec.json (first-2 and last-2 padding were indistinguishable; stated as a deviation)
  every other protocol element is unchanged from our own run

domain guard (precondition):
  paired ||z_real - z_env|| median over 10 frames: 0.012 (threshold 1.0) -> pass

episodes: 50 sampled (seed 42); start = episode frame 0; goal = the episode's recorded TARGET position
  ep  1/50 (# 4014): missed  in 150 steps, final dist  149.4, start-goal  119.3
  ep  2/50 (# 5115): missed  in 150 steps, final dist  154.3, start-goal  145.2
  ep  3/50 (# 4490): missed  in 150 steps, final dist  188.7, start-goal  177.6
  ep  4/50 (#  888): REACHED in 144 steps, final dist   13.7, start-goal   89.0
  ep  5/50 (# 7783): missed  in 150 steps, final dist   56.1, start-goal   82.1
  ep  6/50 (# 9703): missed  in 150 steps, final dist  119.9, start-goal  116.4
  ep  7/50 (# 6423): missed  in 150 steps, final dist  204.3, start-goal  151.2
  ep  8/50 (# 7000): missed  in 150 steps, final dist  109.2, start-goal   97.6
  ep  9/50 (# 2764): missed  in 150 steps, final dist  115.5, start-goal  145.6
  ep 10/50 (# 4455): missed  in 150 steps, final dist  104.3, start-goal   67.8
  ep 11/50 (# 3543): missed  in 150 steps, final dist  109.7, start-goal  108.8
  ep 12/50 (# 6778): missed  in 150 steps, final dist  110.6, start-goal  106.0
  ep 13/50 (# 4310): missed  in 150 steps, final dist  191.4, start-goal   97.7
  ep 14/50 (#  678): missed  in 150 steps, final dist   95.2, start-goal   64.7
  ep 15/50 (# 7833): REACHED in 47 steps, final dist   13.7, start-goal   85.4
  ep 16/50 (# 5244): missed  in 150 steps, final dist  168.2, start-goal   90.3
  ep 17/50 (# 4989): missed  in 150 steps, final dist  179.6, start-goal  142.0
  ep 18/50 (# 7574): missed  in 150 steps, final dist   79.6, start-goal  103.1
  ep 19/50 (# 2006): missed  in 150 steps, final dist  117.6, start-goal  159.0
  ep 20/50 (# 8371): missed  in 150 steps, final dist  147.7, start-goal  211.0
  ep 21/50 (# 5536): missed  in 150 steps, final dist  193.1, start-goal  149.1
  ep 22/50 (# 8209): missed  in 150 steps, final dist  140.4, start-goal  116.6
  ep 23/50 (# 1650): missed  in 150 steps, final dist  156.5, start-goal  136.5
  ep 24/50 (# 6944): missed  in 150 steps, final dist  127.8, start-goal  127.5
  ep 25/50 (# 8865): missed  in 150 steps, final dist  117.6, start-goal  103.3
  ep 26/50 (# 8929): missed  in 150 steps, final dist  121.2, start-goal  114.3
  ep 27/50 (# 4368): missed  in 150 steps, final dist  178.1, start-goal  191.0
  ep 28/50 (#  919): missed  in 150 steps, final dist  175.2, start-goal  177.9
  ep 29/50 (# 8548): missed  in 150 steps, final dist  214.0, start-goal  126.6
  ep 30/50 (# 9243): missed  in 150 steps, final dist  102.3, start-goal  133.6
  ep 31/50 (# 6310): missed  in 150 steps, final dist  139.7, start-goal  150.4
  ep 32/50 (# 6514): missed  in 150 steps, final dist  228.8, start-goal  215.9
  ep 33/50 (# 7330): missed  in 150 steps, final dist  227.3, start-goal  165.3
  ep 34/50 (# 4496): missed  in 150 steps, final dist  165.8, start-goal  164.4
  ep 35/50 (# 9719): missed  in 150 steps, final dist  125.2, start-goal  135.7
  ep 36/50 (# 7149): missed  in 150 steps, final dist  108.2, start-goal  136.0
  ep 37/50 (#  637): REACHED in 43 steps, final dist   15.3, start-goal  143.8
  ep 38/50 (# 7583): missed  in 150 steps, final dist  108.2, start-goal  154.6
  ep 39/50 (# 4425): missed  in 150 steps, final dist  172.7, start-goal  106.9
  ep 40/50 (# 8571): missed  in 150 steps, final dist   79.2, start-goal  186.7
  ep 41/50 (# 5442): missed  in 150 steps, final dist  152.8, start-goal  202.9
  ep 42/50 (# 2268): missed  in 150 steps, final dist  109.0, start-goal  172.7
  ep 43/50 (#  855): missed  in 150 steps, final dist  190.0, start-goal  151.9
  ep 44/50 (# 7796): missed  in 150 steps, final dist  174.5, start-goal  152.4
  ep 45/50 (# 7702): missed  in 150 steps, final dist   71.3, start-goal   92.6
  ep 46/50 (# 1820): missed  in 150 steps, final dist  150.8, start-goal  134.6
  ep 47/50 (# 3697): missed  in 150 steps, final dist  145.0, start-goal  114.7
  ep 48/50 (# 1277): REACHED in 43 steps, final dist   14.3, start-goal  146.8
  ep 49/50 (#  938): missed  in 150 steps, final dist  228.5, start-goal  174.2
  ep 50/50 (# 8266): missed  in 150 steps, final dist  109.9, start-goal  178.6

======================================================================
SUMMARY (authors_cem)
======================================================================
  success rate           : 4/50 = 8.0%
  mean final distance    : 133.42
  trivial starts (<16)   : 0/50
  non-trivial success    : 4/50 = 8.0%
  wall-clock             : 160.7 min

DEVIATIONS from the reference protocol (state wherever quoted):
  - episode/start selection ours (random 50 eps seed 42, start =
    frame 0, goal = frame 25); reference's exact selection unknown
  - receding_horizon 5 read as: execute 5 planned actions, replan
  - the AUTHORS' released weights, driven through our harness
  - success = the registered env's terminated rule (distance < 16)
  matched: env, CEM 300/30/30/1.0, horizon 5, action_block 5,
  budget 150, goal_offset 25, img 224, goal-image
  convention.

wrote realenv_plan_authors_cem.json and realenv_plan_authors_cem_report.txt
