======================================================================
REAL-ENVIRONMENT PLANNER EVAL (AUTHORS_CEM)  --  ..
======================================================================
MODEL: the AUTHORS' released checkpoint (calibration run)
  authors' checkpoint: 18.03 M params, history_size 3, actions -> slots into 10 x1, pixels imagenet
  driving spec: ../authors_driving_spec_wrongscale.json (SUPERSEDED CALIBRATION SETTING, reproduced deliberately for §4.2's 'An earlier failure, recorded'. The planner emits per-step actions; this model was trained on block sums, so a scale of 1.0 understates how far an action moves the agent. The corrected spec is authors_driving_spec.json.)
  every other protocol element is unchanged from our own run

domain guard (precondition):
  paired ||z_real - z_env|| median over 10 frames: 0.012 (threshold 1.0) -> pass

episodes: 50 sampled (seed 42); start = episode frame 0; goal = 25 frames later in the same episode
  ep  1/50 (# 4014): REACHED in  6 steps, final dist   15.5, start-goal   44.6
  ep  2/50 (# 5115): REACHED in  8 steps, final dist   12.9, start-goal   53.3
  ep  3/50 (# 4490): missed  in 50 steps, final dist   50.4, start-goal   46.5
  ep  4/50 (#  888): REACHED in 11 steps, final dist   14.8, start-goal   58.9
  ep  5/50 (# 7783): REACHED in  6 steps, final dist   15.7, start-goal   28.4
  ep  6/50 (# 9703): REACHED in  2 steps, final dist   15.6, start-goal   26.8
  ep  7/50 (# 6423): missed  in 50 steps, final dist   46.5, start-goal   54.0
  ep  8/50 (# 7000): REACHED in  4 steps, final dist   12.4, start-goal   34.6
  ep  9/50 (# 2764): REACHED in  1 steps, final dist   14.3, start-goal   17.2
  ep 10/50 (# 4455): REACHED in 10 steps, final dist   15.8, start-goal   55.4
  ep 11/50 (# 3543): REACHED in  8 steps, final dist   13.0, start-goal   47.4
  ep 12/50 (# 6778): missed  in 50 steps, final dist   97.0, start-goal   48.7
  ep 13/50 (# 4310): REACHED in  4 steps, final dist   14.6, start-goal   34.7
  ep 14/50 (#  678): missed  in 50 steps, final dist   50.5, start-goal   31.3
  ep 15/50 (# 7833): missed  in 50 steps, final dist  141.7, start-goal   49.4
  ep 16/50 (# 5244): missed  in 50 steps, final dist  104.3, start-goal   48.3
  ep 17/50 (# 4989): REACHED in 32 steps, final dist   12.2, start-goal   35.8
  ep 18/50 (# 7574): missed  in 50 steps, final dist   92.1, start-goal   61.4
  ep 19/50 (# 2006): missed  in 50 steps, final dist   75.7, start-goal   65.4
  ep 20/50 (# 8371): missed  in 50 steps, final dist  131.2, start-goal   44.4
  ep 21/50 (# 5536): REACHED in  3 steps, final dist   14.2, start-goal   32.8
  ep 22/50 (# 8209): missed  in 50 steps, final dist  108.8, start-goal   61.3
  ep 23/50 (# 1650): missed  in 50 steps, final dist   75.4, start-goal   56.9
  ep 24/50 (# 6944): REACHED in  2 steps, final dist   13.0, start-goal   22.0
  ep 25/50 (# 8865): missed  in 50 steps, final dist  116.2, start-goal   51.9
  ep 26/50 (# 8929): missed  in 50 steps, final dist   87.4, start-goal   96.8
  ep 27/50 (# 4368): missed  in 50 steps, final dist   65.8, start-goal   72.1
  ep 28/50 (#  919): REACHED in  6 steps, final dist   13.2, start-goal   32.8
  ep 29/50 (# 8548): missed  in 50 steps, final dist  164.2, start-goal   45.0
  ep 30/50 (# 9243): missed  in 50 steps, final dist   80.5, start-goal   43.1
  ep 31/50 (# 6310): REACHED in 23 steps, final dist   14.5, start-goal   35.3
  ep 32/50 (# 6514): REACHED in  8 steps, final dist   14.0, start-goal   51.3
  ep 33/50 (# 7330): missed  in 50 steps, final dist   80.6, start-goal   51.6
  ep 34/50 (# 4496): missed  in 50 steps, final dist   75.9, start-goal   83.1
  ep 35/50 (# 9719): REACHED in  5 steps, final dist   12.6, start-goal   33.2
  ep 36/50 (# 7149): REACHED in  3 steps, final dist   15.4, start-goal   24.2
  ep 37/50 (#  637): missed  in 50 steps, final dist   99.5, start-goal   64.0
  ep 38/50 (# 7583): missed  in 50 steps, final dist   80.1, start-goal   73.7
  ep 39/50 (# 4425): missed  in 50 steps, final dist   74.3, start-goal   59.9
  ep 40/50 (# 8571): missed  in 50 steps, final dist  154.7, start-goal   73.2
  ep 41/50 (# 5442): REACHED in  1 steps, final dist    9.8, start-goal   10.6  [trivial start]
  ep 42/50 (# 2268): missed  in 50 steps, final dist   99.3, start-goal   42.9
  ep 43/50 (#  855): REACHED in  1 steps, final dist   11.7, start-goal   14.3  [trivial start]
  ep 44/50 (# 7796): REACHED in  5 steps, final dist   15.9, start-goal   43.1
  ep 45/50 (# 7702): missed  in 50 steps, final dist  106.3, start-goal   37.4
  ep 46/50 (# 1820): REACHED in  4 steps, final dist   15.0, start-goal   41.9
  ep 47/50 (# 3697): missed  in 50 steps, final dist   87.7, start-goal   60.4
  ep 48/50 (# 1277): missed  in 50 steps, final dist   29.7, start-goal   81.9
  ep 49/50 (#  938): missed  in 50 steps, final dist  105.1, start-goal   52.9
  ep 50/50 (# 8266): REACHED in  7 steps, final dist   14.3, start-goal   57.6

======================================================================
SUMMARY (authors_cem)
======================================================================
  success rate           : 23/50 = 46.0%
  mean final distance    : 56.03
  trivial starts (<16)   : 2/50
  non-trivial success    : 21/48 = 43.8%
  wall-clock             : 106.3 min

DEVIATIONS from the reference protocol (state wherever quoted):
  - episode/start selection ours (random 50 eps seed 42, start =
    episode frame 0, goal = 25 frames later in the same episode); reference's exact selection unknown
  - receding_horizon 5 read as: execute 5 planned actions, replan
  - the AUTHORS' released weights, driven through our harness
  - success = the registered env's terminated rule (distance < 16)
  matched: env, CEM 300/30/30/1.0, horizon 5, action_block 5,
  budget 50, goal_offset 25, img 224, goal-image
  convention.

wrote realenv_plan_authors_cem.json and realenv_plan_authors_cem_report.txt
