======================================================================
REAL-ENVIRONMENT PLANNER EVAL (CEM)  --  phase2_dense_reference_phase2_dense_reference_seed0_20260727_115632
======================================================================
  loader convention (manifest): dense=True imagenet=True zscore=True
  ADAPTER ACTIVE: pixels ImageNet, actions 2 -> 10 by repeat + z-score, history_size 3
  planner action space pinned to 2-D (the environment's); the adapter widens each action to the model's 10-D input
model: vit at 224px (ckpt_best_recal.pt, epoch field 9)

domain guard (precondition):
  paired ||z_real - z_env|| median over 10 frames: 0.009 (threshold 1.0) -> pass

episodes: 2 sampled (seed 42); start = episode frame 0; goal = 100 frames later in the same episode

fitting position probe on 400 rendered positions
  probe fit R^2 0.9993 (in-sample), mean abs error 0.72 arena units
  ep  1/2 (#  933): missed  in 60 steps, final dist   38.3, start-goal   66.3
  ep  2/2 (# 7740): REACHED in 25 steps, final dist   15.6, start-goal  150.7

======================================================================
SUMMARY (cem)
======================================================================
  success rate           : 1/2 = 50.0%
  mean final distance    : 26.93
  trivial starts (<16)   : 0/2
  non-trivial success    : 1/2 = 50.0%
  wall-clock             : 8.1 min

DEVIATIONS from the reference protocol (state wherever quoted):
  - episode/start selection ours (random 2 eps seed 42, start =
    episode frame 0, goal = 100 frames later in the same episode); reference's exact selection unknown
  - receding_horizon 5 read as: execute 5 planned actions, replan
  - OUR reproduction checkpoint, not the authors' released weights
  - success = the registered env's terminated rule (distance < 16)
  matched: env, CEM 300/30/30/1.0, horizon 5, action_block 5,
  budget 60, goal_offset 100, img 224, goal-image
  convention.

wrote followup_plan_cem_dbg.json and followup_plan_cem_dbg_report.txt
