======================================================================
REAL-ENVIRONMENT PLANNER EVAL (AUTHORS_CEM)  --  ..
======================================================================
MODEL: the AUTHORS' released checkpoint (calibration run)
  authors' checkpoint: 18.03 M params, history_size 3, actions -> repeat into 10, pixels imagenet
  driving spec: ../../authors_driving_spec.json (first-2 and last-2 padding were indistinguishable; stated as a deviation)
  every other protocol element is unchanged from our own run

domain guard (precondition):
  paired ||z_real - z_env|| median over 10 frames: 0.012 (threshold 1.0) -> pass

episodes: 50 sampled (seed 42); start = episode frame 0; goal = 100 frames later in the same episode

cost: LEARNED TEMPORAL DISTANCE from ../../followup/temporal_head_authors.pt
  trained on within-episode frame separation; no position supervision
  ep  1/50 (# 4022): missed  in 150 steps, final dist  110.8, start-goal  105.5
  ep  2/50 (# 5113): missed  in 150 steps, final dist  158.3, start-goal  139.2
  ep  3/50 (# 4514): missed  in 150 steps, final dist  115.8, start-goal  118.6
  ep  4/50 (#  925): missed  in 150 steps, final dist  125.0, start-goal   86.8
  ep  5/50 (# 9999): REACHED in 44 steps, final dist   15.6, start-goal  169.8
  ep  6/50 (# 9702): missed  in 150 steps, final dist  132.9, start-goal   72.2
  ep  7/50 (# 6399): missed  in 150 steps, final dist  133.3, start-goal   84.7
  ep  8/50 (# 7000): missed  in 150 steps, final dist  157.4, start-goal   87.7
